Archive member included because of file (symbol)

C:\Program Files (x86)\VEX Robotics\VEXcode\sdk/vexv5\libv5rt.a(v5_startup.c.obj)
                              (vexStartup)
C:\Program Files (x86)\VEX Robotics\VEXcode\sdk/vexv5\libv5rt.a(v5_util.c.obj)
                              C:\Program Files (x86)\VEX Robotics\VEXcode\sdk/vexv5\libv5rt.a(v5_startup.c.obj) (vexStdlibVersionLinked)
C:\Program Files (x86)\VEX Robotics\VEXcode\sdk/vexv5\libv5rt.a(v5_apijump.c.obj)
                              C:\Program Files (x86)\VEX Robotics\VEXcode\sdk/vexv5\libv5rt.a(v5_startup.c.obj) (vexPrivateApiEnable)
C:\Program Files (x86)\VEX Robotics\VEXcode\sdk/vexv5\libv5rt.a(v5_apiversions.c.obj)
                              C:\Program Files (x86)\VEX Robotics\VEXcode\sdk/vexv5\libv5rt.a(v5_apijump.c.obj) (vexSystemVersion)
C:\Program Files (x86)\VEX Robotics\VEXcode\sdk/vexv5\libv5rt.a(vex_global.cpp.obj)
                              build/src/main.o (vex::PORT6)
C:\Program Files (x86)\VEX Robotics\VEXcode\sdk/vexv5\libv5rt.a(vex_motor.cpp.obj)
                              build/src/main.o (vex::motor::installed())
C:\Program Files (x86)\VEX Robotics\VEXcode\sdk/vexv5\libv5rt.a(vex_controller.cpp.obj)
                              build/src/main.o (vex::controller::~controller())
C:\Program Files (x86)\VEX Robotics\VEXcode\sdk/vexv5\libv5rt.a(vex_task.cpp.obj)
                              build/src/main.o (vex::task::sleep(unsigned long))
C:\Program Files (x86)\VEX Robotics\VEXcode\sdk/vexv5\libv5rt.a(vex_event.cpp.obj)
                              C:\Program Files (x86)\VEX Robotics\VEXcode\sdk/vexv5\libv5rt.a(vex_controller.cpp.obj) (vex::event::init(unsigned long, unsigned long, void (*)()))
C:\Program Files (x86)\VEX Robotics\VEXcode\sdk/vexv5\libv5rt.a(vex_mevent.cpp.obj)
                              C:\Program Files (x86)\VEX Robotics\VEXcode\sdk/vexv5\libv5rt.a(vex_controller.cpp.obj) (vex::mevent::mevent(unsigned long, unsigned long))
C:\Program Files (x86)\VEX Robotics\VEXcode\sdk/vexv5\libv5rt.a(vex_brain.cpp.obj)
                              build/src/main.o (vex::brain::~brain())
C:\Program Files (x86)\VEX Robotics\VEXcode\sdk/vexv5\libv5rt.a(vex_triport.cpp.obj)
                              C:\Program Files (x86)\VEX Robotics\VEXcode\sdk/vexv5\libv5rt.a(vex_brain.cpp.obj) (vex::triport::~triport())
C:\Program Files (x86)\VEX Robotics\VEXcode\sdk/vexv5\libv5rt.a(vex_color.cpp.obj)
                              C:\Program Files (x86)\VEX Robotics\VEXcode\sdk/vexv5\libv5rt.a(vex_brain.cpp.obj) (vex::color::operator unsigned long() const)
C:\Program Files (x86)\VEX Robotics\VEXcode\sdk/vexv5\libv5rt.a(vex_timer.cpp.obj)
                              C:\Program Files (x86)\VEX Robotics\VEXcode\sdk/vexv5\libv5rt.a(vex_brain.cpp.obj) (vex::timer::~timer())
C:\Program Files (x86)\VEX Robotics\VEXcode\sdk/vexv5\libv5rt.a(v5_apiuser.c.obj)
                              C:\Program Files (x86)\VEX Robotics\VEXcode\sdk/vexv5\libv5rt.a(vex_triport.cpp.obj) (vexAdiPortConfigSet)
C:\Program Files (x86)\VEX Robotics\VEXcode\sdk/vexv5\libv5rt.a(vex_device.cpp.obj)
                              C:\Program Files (x86)\VEX Robotics\VEXcode\sdk/vexv5\libv5rt.a(vex_triport.cpp.obj) (vex::device::value())
C:\Program Files (x86)\VEX Robotics\VEXcode\sdk/vexv5/gcc/libs\libstdc++.a(fstream-inst.o)
                              build/src/main.o (VTT for std::basic_ofstream<char, std::char_traits<char> >)
C:\Program Files (x86)\VEX Robotics\VEXcode\sdk/vexv5/gcc/libs\libstdc++.a(eh_exception.o)
                              C:\Program Files (x86)\VEX Robotics\VEXcode\sdk/vexv5/gcc/libs\libstdc++.a(fstream-inst.o) (typeinfo for __cxxabiv1::__forced_unwind)
C:\Program Files (x86)\VEX Robotics\VEXcode\sdk/vexv5/gcc/libs\libstdc++.a(si_class_type_info.o)
                              C:\Program Files (x86)\VEX Robotics\VEXcode\sdk/vexv5/gcc/libs\libstdc++.a(fstream-inst.o) (vtable for __cxxabiv1::__si_class_type_info)
C:\Program Files (x86)\VEX Robotics\VEXcode\sdk/vexv5/gcc/libs\libstdc++.a(ios-inst.o)
                              C:\Program Files (x86)\VEX Robotics\VEXcode\sdk/vexv5/gcc/libs\libstdc++.a(fstream-inst.o) (vtable for std::basic_ios<char, std::char_traits<char> >)
C:\Program Files (x86)\VEX Robotics\VEXcode\sdk/vexv5/gcc/libs\libstdc++.a(ios.o)
                              C:\Program Files (x86)\VEX Robotics\VEXcode\sdk/vexv5/gcc/libs\libstdc++.a(ios-inst.o) (typeinfo for std::ios_base)
C:\Program Files (x86)\VEX Robotics\VEXcode\sdk/vexv5/gcc/libs\libstdc++.a(iostream-inst.o)
                              C:\Program Files (x86)\VEX Robotics\VEXcode\sdk/vexv5/gcc/libs\libstdc++.a(fstream-inst.o) (typeinfo for std::iostream)
C:\Program Files (x86)\VEX Robotics\VEXcode\sdk/vexv5/gcc/libs\libstdc++.a(istream-inst.o)
                              C:\Program Files (x86)\VEX Robotics\VEXcode\sdk/vexv5/gcc/libs\libstdc++.a(fstream-inst.o) (typeinfo for std::istream)
[...]
Memory Configuration

Name             Origin             Length             Attributes
ps7_ddr_0_S_AXI_BASEADDR 0x03800000         0x04800000
*default*        0x00000000         0xffffffff

Linker script and memory map

                0x00002000                _STACK_SIZE = DEFINED (_STACK_SIZE)?_STACK_SIZE:0x2000
                0x00100000                _HEAP_SIZE = DEFINED (_HEAP_SIZE)?_HEAP_SIZE:0x100000
                0x00000400                _ABORT_STACK_SIZE = DEFINED (_ABORT_STACK_SIZE)?_ABORT_STACK_SIZE:0x400
                0x00000800                _SUPERVISOR_STACK_SIZE = DEFINED (_SUPERVISOR_STACK_SIZE)?_SUPERVISOR_STACK_SIZE:0x800
                0x00000400                _IRQ_STACK_SIZE = DEFINED (_IRQ_STACK_SIZE)?_IRQ_STACK_SIZE:0x400
                0x00000400                _FIQ_STACK_SIZE = DEFINED (_FIQ_STACK_SIZE)?_FIQ_STACK_SIZE:0x400
                0x00000400                _UNDEF_STACK_SIZE = DEFINED (_UNDEF_STACK_SIZE)?_UNDEF_STACK_SIZE:0x400

.text           0x03800000     0x32b8
 *(.vectors)
 *(.boot_data)
 .boot_data     0x03800000       0x20 C:\Program Files (x86)\VEX Robotics\VEXcode\sdk/vexv5\libv5rt.a(v5_startup.c.obj)
                0x03800000                vexCodeSig
                0x00000020                . = 0x20
 *(.boot)
 .boot          0x03800020       0xb4 C:\Program Files (x86)\VEX Robotics\VEXcode\sdk/vexv5\libv5rt.a(v5_startup.c.obj)
                0x03800020                vexStartup
                0x03800100                . = ALIGN (0x40)
 *fill*         0x038000d4       0x2c 
 *(.freertos_vectors)
 *(.text)
 *(.text.*)
 .text._ZN21velocityRecordedMotorD2Ev
                0x03800100       0x4c build/src/main.o
                0x03800100                velocityRecordedMotor::~velocityRecordedMotor()
 .text.main     0x0380014c      0x820 build/src/main.o
                0x0380014c                main
 .text._ZN21velocityRecordedMotor15enableRecordingEv
                0x0380096c       0x80 build/src/main.o
                0x0380096c                velocityRecordedMotor::enableRecording()
 .text._ZN21velocityRecordedMotor13saveRecordingEv
                0x038009ec       0xc4 build/src/main.o
                0x038009ec                velocityRecordedMotor::saveRecording()
 .text._ZN21velocityRecordedMotor13loadRecordingEv
                0x03800ab0      0x10c build/src/main.o
                0x03800ab0                velocityRecordedMotor::loadRecording()
 .text._ZN21velocityRecordedMotor4spinEN3vex13directionTypeEdNS0_13velocityUnitsE
                0x03800bbc      0x140 build/src/main.o
                0x03800bbc                velocityRecordedMotor::spin(vex::directionType, double, vex::velocityUnits)
 .text._GLOBAL__sub_I_main.cpp
                0x03800cfc      0x40c build/src/main.o
 .text.vexMain  0x03801108       0xb0 C:\Program Files (x86)\VEX Robotics\VEXcode\sdk/vexv5\libv5rt.a(v5_startup.c.obj)
                0x03801108                vexMain
 .text.__vex_function_prolog
                0x038011b8       0x18 C:\Program Files (x86)\VEX Robotics\VEXcode\sdk/vexv5\libv5rt.a(v5_startup.c.obj)
                0x038011b8                __vex_function_prolog
 .text._init    0x038011d0        0x4 C:\Program Files (x86)\VEX Robotics\VEXcode\sdk/vexv5\libv5rt.a(v5_startup.c.obj)
                0x038011d0                _init
 .text._fini    0x038011d4        0x4 C:\Program Files (x86)\VEX Robotics\VEXcode\sdk/vexv5\libv5rt.a(v5_startup.c.obj)
                0x038011d4                _fini
 .text.vexStdlibVersionLinked
                0x038011d8        0xc C:\Program Files (x86)\VEX Robotics\VEXcode\sdk/vexv5\libv5rt.a(v5_util.c.obj)
                0x038011d8                vexStdlibVersionLinked
 .text.vexStdlibVersionVerify
                0x038011e4       0x30 C:\Program Files (x86)\VEX Robotics\VEXcode\sdk/vexv5\libv5rt.a(v5_util.c.obj)
                0x038011e4                vexStdlibVersionVerify
 .text.vexPrivateApiEnable
                0x03801214       0x10 C:\Program Files (x86)\VEX Robotics\VEXcode\sdk/vexv5\libv5rt.a(v5_apijump.c.obj)
                0x03801214                vexPrivateApiEnable
 .text.vexStdlibMismatchError
                0x03801224       0x3c C:\Program Files (x86)\VEX Robotics\VEXcode\sdk/vexv5\libv5rt.a(v5_apijump.c.obj)
                0x03801224                vexStdlibMismatchError
 .text.vexTaskAdd
                0x03801260       0x10 C:\Program Files (x86)\VEX Robotics\VEXcode\sdk/vexv5\libv5rt.a(v5_apijump.c.obj)
                0x03801260                vexTaskAdd
 .text.vexTasksRun
                0x03801270       0x10 C:\Program Files (x86)\VEX Robotics\VEXcode\sdk/vexv5\libv5rt.a(v5_apijump.c.obj)
                0x03801270                vexTasksRun
 .text.vexTaskCheckTimeslice
                0x03801280       0x10 C:\Program Files (x86)\VEX Robotics\VEXcode\sdk/vexv5\libv5rt.a(v5_apijump.c.obj)
                0x03801280                vexTaskCheckTimeslice
 .text.vexTaskSleep
                0x03801290       0x10 C:\Program Files (x86)\VEX Robotics\VEXcode\sdk/vexv5\libv5rt.a(v5_apijump.c.obj)
                0x03801290                vexTaskSleep
 .text.vexTasksDump
                0x038012a0       0x1c C:\Program Files (x86)\VEX Robotics\VEXcode\sdk/vexv5\libv5rt.a(v5_apijump.c.obj)
                0x038012a0                vexTasksDump
 .text.vexTaskGetTaskIndex
                0x038012bc       0x10 C:\Program Files (x86)\VEX Robotics\VEXcode\sdk/vexv5\libv5rt.a(v5_apijump.c.obj)
                0x038012bc                vexTaskGetTaskIndex
 .text.vexTaskStopAll
                0x038012cc       0x10 C:\Program Files (x86)\VEX Robotics\VEXcode\sdk/vexv5\libv5rt.a(v5_apijump.c.obj)
                0x038012cc                vexTaskStopAll
 .text.vexTaskCompletionIdSet
                0x038012dc       0x10 C:\Program Files (x86)\VEX Robotics\VEXcode\sdk/vexv5\libv5rt.a(v5_apijump.c.obj)
                0x038012dc                vexTaskCompletionIdSet
 .text.vexEventAdd
                0x038012ec       0x34 C:\Program Files (x86)\VEX Robotics\VEXcode\sdk/vexv5\libv5rt.a(v5_apijump.c.obj)
                0x038012ec                vexEventAdd
 .text.vexEventUserIndexGet
                0x03801320       0x1c C:\Program Files (x86)\VEX Robotics\VEXcode\sdk/vexv5\libv5rt.a(v5_apijump.c.obj)
                0x03801320                vexEventUserIndexGet
 .text.vexDebug
                0x0380133c       0x38 C:\Program Files (x86)\VEX Robotics\VEXcode\sdk/vexv5\libv5rt.a(v5_apijump.c.obj)
                0x0380133c                vexDebug
 .text.vex_vsnprintf
                0x03801374       0x3c C:\Program Files (x86)\VEX Robotics\VEXcode\sdk/vexv5\libv5rt.a(v5_apijump.c.obj)
                0x03801374                vex_vsnprintf
 .text.vexSystemTimeGet
                0x038013b0       0x1c C:\Program Files (x86)\VEX Robotics\VEXcode\sdk/vexv5\libv5rt.a(v5_apijump.c.obj)
                0x038013b0                vexSystemTimeGet
 .text.vexSystemExitRequest
                0x038013cc       0x1c C:\Program Files (x86)\VEX Robotics\VEXcode\sdk/vexv5\libv5rt.a(v5_apijump.c.obj)
                0x038013cc                vexSystemExitRequest
 .text.vexDeviceGetByIndex
                0x038013e8       0x24 C:\Program Files (x86)\VEX Robotics\VEXcode\sdk/vexv5\libv5rt.a(v5_apijump.c.obj)
                0x038013e8                vexDeviceGetByIndex
 .text.vexControllerGet
                0x0380140c       0x2c C:\Program Files (x86)\VEX Robotics\VEXcode\sdk/vexv5\libv5rt.a(v5_apijump.c.obj)
                0x0380140c                vexControllerGet
 .text.vexControllerTextSet
                0x03801438       0x74 C:\Program Files (x86)\VEX Robotics\VEXcode\sdk/vexv5\libv5rt.a(v5_apijump.c.obj)
                0x03801438                vexControllerTextSet
 .text.vexDeviceAdiPortConfigSet
                0x038014ac       0x34 C:\Program Files (x86)\VEX Robotics\VEXcode\sdk/vexv5\libv5rt.a(v5_apijump.c.obj)
                0x038014ac                vexDeviceAdiPortConfigSet
 .text.vexDeviceMotorVelocitySet
                0x038014e0       0x2c C:\Program Files (x86)\VEX Robotics\VEXcode\sdk/vexv5\libv5rt.a(v5_apijump.c.obj)
                0x038014e0                vexDeviceMotorVelocitySet
 .text.vexDeviceMotorActualVelocityGet
                0x0380150c       0x24 C:\Program Files (x86)\VEX Robotics\VEXcode\sdk/vexv5\libv5rt.a(v5_apijump.c.obj)
                0x0380150c                vexDeviceMotorActualVelocityGet
 .text.vexDeviceMotorReverseFlagSet
                0x03801530       0x2c C:\Program Files (x86)\VEX Robotics\VEXcode\sdk/vexv5\libv5rt.a(v5_apijump.c.obj)
                0x03801530                vexDeviceMotorReverseFlagSet
 .text.vexDeviceMotorBrakeModeSet
                0x0380155c       0x2c C:\Program Files (x86)\VEX Robotics\VEXcode\sdk/vexv5\libv5rt.a(v5_apijump.c.obj)
                0x0380155c                vexDeviceMotorBrakeModeSet
 .text.vexDeviceMotorPositionSet
                0x03801588       0x34 C:\Program Files (x86)\VEX Robotics\VEXcode\sdk/vexv5\libv5rt.a(v5_apijump.c.obj)
                0x03801588                vexDeviceMotorPositionSet
 .text.vexDeviceMotorGearingSet
                0x038015bc       0x2c C:\Program Files (x86)\VEX Robotics\VEXcode\sdk/vexv5\libv5rt.a(v5_apijump.c.obj)
                0x038015bc                vexDeviceMotorGearingSet
 .text.vexDeviceMotorGearingGet
                0x038015e8       0x24 C:\Program Files (x86)\VEX Robotics\VEXcode\sdk/vexv5\libv5rt.a(v5_apijump.c.obj)
                0x038015e8                vexDeviceMotorGearingGet
 .text.vexDisplayForegroundColor
                0x0380160c       0x24 C:\Program Files (x86)\VEX Robotics\VEXcode\sdk/vexv5\libv5rt.a(v5_apijump.c.obj)
                0x0380160c                vexDisplayForegroundColor
 .text.vexDisplayBackgroundColor
                0x03801630       0x24 C:\Program Files (x86)\VEX Robotics\VEXcode\sdk/vexv5\libv5rt.a(v5_apijump.c.obj)
                0x03801630                vexDisplayBackgroundColor
 .text.vexDisplayTextReference
                0x03801654       0x24 C:\Program Files (x86)\VEX Robotics\VEXcode\sdk/vexv5\libv5rt.a(v5_apijump.c.obj)
                0x03801654                vexDisplayTextReference
 .text.vexDisplayTextSize
                0x03801678       0x2c C:\Program Files (x86)\VEX Robotics\VEXcode\sdk/vexv5\libv5rt.a(v5_apijump.c.obj)
                0x03801678                vexDisplayTextSize
 .text.vexDisplayFontNamedSet
                0x038016a4       0x24 C:\Program Files (x86)\VEX Robotics\VEXcode\sdk/vexv5\libv5rt.a(v5_apijump.c.obj)
                0x038016a4                vexDisplayFontNamedSet
 .text.vexSystemStdlibImpureDataAddr
                0x038016c8       0x28 C:\Program Files (x86)\VEX Robotics\VEXcode\sdk/vexv5\libv5rt.a(v5_apijump.c.obj)
                0x038016c8                vexSystemStdlibImpureDataAddr
 .text.vexSystemStdlibImpureDataSize
                0x038016f0       0x28 C:\Program Files (x86)\VEX Robotics\VEXcode\sdk/vexv5\libv5rt.a(v5_apijump.c.obj)
                0x038016f0                vexSystemStdlibImpureDataSize
 .text.vexDisplayThemeIdGet
                0x03801718       0x38 C:\Program Files (x86)\VEX Robotics\VEXcode\sdk/vexv5\libv5rt.a(v5_apijump.c.obj)
                0x03801718                vexDisplayThemeIdGet
 .text.vexDeviceEventMaskSet
                0x03801750       0x48 C:\Program Files (x86)\VEX Robotics\VEXcode\sdk/vexv5\libv5rt.a(v5_apijump.c.obj)
                0x03801750                vexDeviceEventMaskSet
 .text.vexDeviceEventMaskGet
                0x03801798       0x3c C:\Program Files (x86)\VEX Robotics\VEXcode\sdk/vexv5\libv5rt.a(v5_apijump.c.obj)
                0x03801798                vexDeviceEventMaskGet
 .text.vexSystemVersion
                0x038017d4       0x10 C:\Program Files (x86)\VEX Robotics\VEXcode\sdk/vexv5\libv5rt.a(v5_apiversions.c.obj)
                0x038017d4                vexSystemVersion
 .text.vexStdlibVersion
                0x038017e4       0x10 C:\Program Files (x86)\VEX Robotics\VEXcode\sdk/vexv5\libv5rt.a(v5_apiversions.c.obj)
                0x038017e4                vexStdlibVersion
 .text._ZN3vex5motor9installedEv
                0x038017f4       0x18 C:\Program Files (x86)\VEX Robotics\VEXcode\sdk/vexv5\libv5rt.a(vex_motor.cpp.obj)
                0x038017f4                vex::motor::installed()
 .text._ZN3vex5motorD2Ev
                0x0380180c       0x20 C:\Program Files (x86)\VEX Robotics\VEXcode\sdk/vexv5\libv5rt.a(vex_motor.cpp.obj)
                0x0380180c                vex::motor::~motor()
                0x0380180c                vex::motor::~motor()
 .text._ZN3vex5motor15defaultStoppingENS_9brakeTypeE
                0x0380182c       0x30 C:\Program Files (x86)\VEX Robotics\VEXcode\sdk/vexv5\libv5rt.a(vex_motor.cpp.obj)
                0x0380182c                vex::motor::defaultStopping(vex::brakeType)
 .text._ZN3vex5motorC2El
                0x0380185c       0x70 C:\Program Files (x86)\VEX Robotics\VEXcode\sdk/vexv5\libv5rt.a(vex_motor.cpp.obj)
                0x0380185c                vex::motor::motor(long)
                0x0380185c                vex::motor::motor(long)
 .text._ZN3vex5motorC2ElNS_11gearSettingEb
                0x038018cc       0x34 C:\Program Files (x86)\VEX Robotics\VEXcode\sdk/vexv5\libv5rt.a(vex_motor.cpp.obj)
                0x038018cc                vex::motor::motor(long, vex::gearSetting, bool)
                0x038018cc                vex::motor::motor(long, vex::gearSetting, bool)
 .text._ZN3vex5motor4stopENS_9brakeTypeE
                0x03801900       0x30 C:\Program Files (x86)\VEX Robotics\VEXcode\sdk/vexv5\libv5rt.a(vex_motor.cpp.obj)
                0x03801900                vex::motor::stop(vex::brakeType)
 .text._ZN3vex5motor4stopEv
                0x03801930        0x8 C:\Program Files (x86)\VEX Robotics\VEXcode\sdk/vexv5\libv5rt.a(vex_motor.cpp.obj)
                0x03801930                vex::motor::stop()
 .text._ZN3vex5motor16velocityToScaledEdNS_13velocityUnitsE
                0x03801938       0x5c C:\Program Files (x86)\VEX Robotics\VEXcode\sdk/vexv5\libv5rt.a(vex_motor.cpp.obj)
                0x03801938                vex::motor::velocityToScaled(double, vex::velocityUnits)
 .text._ZN3vex5motor8velocityENS_13velocityUnitsE
                0x03801994       0x30 C:\Program Files (x86)\VEX Robotics\VEXcode\sdk/vexv5\libv5rt.a(vex_motor.cpp.obj)
                0x03801994                vex::motor::velocity(vex::velocityUnits)
 .text._ZN3vex5motor5valueEv
                0x038019c4       0x1c C:\Program Files (x86)\VEX Robotics\VEXcode\sdk/vexv5\libv5rt.a(vex_motor.cpp.obj)
                0x038019c4                vex::motor::value()
 .text._ZN3vex5motor16scaledToVelocityEdNS_13velocityUnitsE
                0x038019e0       0xa4 C:\Program Files (x86)\VEX Robotics\VEXcode\sdk/vexv5\libv5rt.a(vex_motor.cpp.obj)
                0x038019e0                vex::motor::scaledToVelocity(double, vex::velocityUnits)
 .text._ZN3vex5motor4spinENS_13directionTypeEdNS_13velocityUnitsE
                0x03801a84       0x5c C:\Program Files (x86)\VEX Robotics\VEXcode\sdk/vexv5\libv5rt.a(vex_motor.cpp.obj)
                0x03801a84                vex::motor::spin(vex::directionType, double, vex::velocityUnits)
 .text.startup._GLOBAL__sub_I__ZN3vex5motorC2El
                0x03801ae0       0x30 C:\Program Files (x86)\VEX Robotics\VEXcode\sdk/vexv5\libv5rt.a(vex_motor.cpp.obj)
 .text._ZN3vex10controllerD2Ev
                0x03801b10        0x4 C:\Program Files (x86)\VEX Robotics\VEXcode\sdk/vexv5\libv5rt.a(vex_controller.cpp.obj)
                0x03801b10                vex::controller::~controller()
                0x03801b10                vex::controller::~controller()
 .text._ZN3vex10controller5valueE19_V5_ControllerIndex
                0x03801b14        0x8 C:\Program Files (x86)\VEX Robotics\VEXcode\sdk/vexv5\libv5rt.a(vex_controller.cpp.obj)
                0x03801b14                vex::controller::value(_V5_ControllerIndex)
 .text._ZN3vex10controller6button8pressingEv
                0x03801b1c       0xc8 C:\Program Files (x86)\VEX Robotics\VEXcode\sdk/vexv5\libv5rt.a(vex_controller.cpp.obj)
                0x03801b1c                vex::controller::button::pressing()
 .text._ZN3vex10controller6button21_buttonToPressedEventEv
                0x03801be4       0x20 C:\Program Files (x86)\VEX Robotics\VEXcode\sdk/vexv5\libv5rt.a(vex_controller.cpp.obj)
                0x03801be4                vex::controller::button::_buttonToPressedEvent()
 .text._ZN3vex10controller6button22_buttonToReleasedEventEv
                0x03801c04       0x20 C:\Program Files (x86)\VEX Robotics\VEXcode\sdk/vexv5\libv5rt.a(vex_controller.cpp.obj)
                0x03801c04                vex::controller::button::_buttonToReleasedEvent()
 .text._ZN3vex10controller6buttonC2ENS0_11tButtonTypeEPS0_
                0x03801c24       0x48 C:\Program Files (x86)\VEX Robotics\VEXcode\sdk/vexv5\libv5rt.a(vex_controller.cpp.obj)
                0x03801c24                vex::controller::button::button(vex::controller::tButtonType, vex::controller*)
                0x03801c24                vex::controller::button::button(vex::controller::tButtonType, vex::controller*)
 .text._ZN3vex10controller4axis5valueEv
                0x03801c6c       0x58 C:\Program Files (x86)\VEX Robotics\VEXcode\sdk/vexv5\libv5rt.a(vex_controller.cpp.obj)
                0x03801c6c                vex::controller::axis::value()
 .text._ZN3vex10controller4axis8positionENS_12percentUnitsE
                0x03801cc4       0x1c C:\Program Files (x86)\VEX Robotics\VEXcode\sdk/vexv5\libv5rt.a(vex_controller.cpp.obj)
                0x03801cc4                vex::controller::axis::position(vex::percentUnits)
 .text._ZN3vex10controller4axis23_joystickToChangedEventEv
                0x03801ce0       0x20 C:\Program Files (x86)\VEX Robotics\VEXcode\sdk/vexv5\libv5rt.a(vex_controller.cpp.obj)
                0x03801ce0                vex::controller::axis::_joystickToChangedEvent()
 .text._ZN3vex10controller4axisC2ENS0_9tAxisTypeEPS0_
                0x03801d00       0x2c C:\Program Files (x86)\VEX Robotics\VEXcode\sdk/vexv5\libv5rt.a(vex_controller.cpp.obj)
                0x03801d00                vex::controller::axis::axis(vex::controller::tAxisType, vex::controller*)
                0x03801d00                vex::controller::axis::axis(vex::controller::tAxisType, vex::controller*)
 .text._ZN3vex10controllerC2ENS_14controllerTypeE
                0x03801d2c      0x204 C:\Program Files (x86)\VEX Robotics\VEXcode\sdk/vexv5\libv5rt.a(vex_controller.cpp.obj)
                0x03801d2c                vex::controller::controller(vex::controllerType)
                0x03801d2c                vex::controller::controller(vex::controllerType)
 .text._ZN3vex10controller3lcd15getControllerIdEv
                0x03801f30       0x10 C:\Program Files (x86)\VEX Robotics\VEXcode\sdk/vexv5\libv5rt.a(vex_controller.cpp.obj)
                0x03801f30                vex::controller::lcd::getControllerId()
 .text._ZN3vex10controller3lcd9setCursorEll
                0x03801f40       0x40 C:\Program Files (x86)\VEX Robotics\VEXcode\sdk/vexv5\libv5rt.a(vex_controller.cpp.obj)
                0x03801f40                vex::controller::lcd::setCursor(long, long)
 .text._ZN3vex10controller3lcd5printEPKcz
                0x03801f80       0x54 C:\Program Files (x86)\VEX Robotics\VEXcode\sdk/vexv5\libv5rt.a(vex_controller.cpp.obj)
                0x03801f80                vex::controller::lcd::print(char const*, ...)
 .text._ZN3vex10controller3lcd9clearLineEi
                0x03801fd4       0x44 C:\Program Files (x86)\VEX Robotics\VEXcode\sdk/vexv5\libv5rt.a(vex_controller.cpp.obj)
                0x03801fd4                vex::controller::lcd::clearLine(int)
 .text._ZN3vex4task5sleepEm
                0x03802018        0x4 C:\Program Files (x86)\VEX Robotics\VEXcode\sdk/vexv5\libv5rt.a(vex_task.cpp.obj)
                0x03802018                vex::task::sleep(unsigned long)
 .text._ZN3vex5event4initEmmPFvvE
                0x0380201c        0x4 C:\Program Files (x86)\VEX Robotics\VEXcode\sdk/vexv5\libv5rt.a(vex_event.cpp.obj)
                0x0380201c                vex::event::init(unsigned long, unsigned long, void (*)())
 .text._ZN3vex5event9userindexEv
                0x03802020        0x4 C:\Program Files (x86)\VEX Robotics\VEXcode\sdk/vexv5\libv5rt.a(vex_event.cpp.obj)
                0x03802020                vex::event::userindex()
 .text._ZZN3vex6meventC4EmmENUlvE_4_FUNEv
                0x03802024        0x4 C:\Program Files (x86)\VEX Robotics\VEXcode\sdk/vexv5\libv5rt.a(vex_mevent.cpp.obj)
 .text._ZN3vex6meventC2Emm
                0x03802028       0x70 C:\Program Files (x86)\VEX Robotics\VEXcode\sdk/vexv5\libv5rt.a(vex_mevent.cpp.obj)
                0x03802028                vex::mevent::mevent(unsigned long, unsigned long)
                0x03802028                vex::mevent::mevent(unsigned long, unsigned long)
 .text._ZN3vex5brainD2Ev
                0x03802098       0x20 C:\Program Files (x86)\VEX Robotics\VEXcode\sdk/vexv5\libv5rt.a(vex_brain.cpp.obj)
                0x03802098                vex::brain::~brain()
                0x03802098                vex::brain::~brain()
 .text._ZN3vex5brain9_getIndexEv
                0x038020b8       0x10 C:\Program Files (x86)\VEX Robotics\VEXcode\sdk/vexv5\libv5rt.a(vex_brain.cpp.obj)
                0x038020b8                vex::brain::_getIndex()
 .text._ZN3vex5brain3lcd9setCursorEll
                0x038020c8       0x44 C:\Program Files (x86)\VEX Robotics\VEXcode\sdk/vexv5\libv5rt.a(vex_brain.cpp.obj)
                0x038020c8                vex::brain::lcd::setCursor(long, long)
 .text._ZN3vex5brain3lcd7setFontENS_8fontTypeE
                0x0380210c      0x228 C:\Program Files (x86)\VEX Robotics\VEXcode\sdk/vexv5\libv5rt.a(vex_brain.cpp.obj)
                0x0380210c                vex::brain::lcd::setFont(vex::fontType)
 .text._ZN3vex5brain3lcdC2Ev
                0x03802334       0x94 C:\Program Files (x86)\VEX Robotics\VEXcode\sdk/vexv5\libv5rt.a(vex_brain.cpp.obj)
                0x03802334                vex::brain::lcd::lcd()
                0x03802334                vex::brain::lcd::lcd()
 .text._ZN3vex5brainC2Ev
                0x038023c8       0x40 C:\Program Files (x86)\VEX Robotics\VEXcode\sdk/vexv5\libv5rt.a(vex_brain.cpp.obj)
                0x038023c8                vex::brain::brain()
                0x038023c8                vex::brain::brain()
 .text._ZN3vex7triport9installedEv
                0x03802408       0x18 C:\Program Files (x86)\VEX Robotics\VEXcode\sdk/vexv5\libv5rt.a(vex_triport.cpp.obj)
                0x03802408                vex::triport::installed()
 .text._ZN3vex7triportD2Ev
                0x03802420       0x38 C:\Program Files (x86)\VEX Robotics\VEXcode\sdk/vexv5\libv5rt.a(vex_triport.cpp.obj)
                0x03802420                vex::triport::~triport()
                0x03802420                vex::triport::~triport()
 .text._ZN3vex7triport4portC2ElPS0_
                0x03802458       0x90 C:\Program Files (x86)\VEX Robotics\VEXcode\sdk/vexv5\libv5rt.a(vex_triport.cpp.obj)
                0x03802458                vex::triport::port::port(long, vex::triport*)
                0x03802458                vex::triport::port::port(long, vex::triport*)
 .text._ZN3vex7triportC2El
                0x038024e8       0xf0 C:\Program Files (x86)\VEX Robotics\VEXcode\sdk/vexv5\libv5rt.a(vex_triport.cpp.obj)
                0x038024e8                vex::triport::triport(long)
                0x038024e8                vex::triport::triport(long)
 .text.startup._GLOBAL__sub_I__ZN3vex7triportC2El
                0x038025d8       0x30 C:\Program Files (x86)\VEX Robotics\VEXcode\sdk/vexv5\libv5rt.a(vex_triport.cpp.obj)
 .text._ZN3vex5colorD2Ev
                0x03802608        0x4 C:\Program Files (x86)\VEX Robotics\VEXcode\sdk/vexv5\libv5rt.a(vex_color.cpp.obj)
                0x03802608                vex::color::~color()
                0x03802608                vex::color::~color()
 .text.startup._GLOBAL__sub_I__ZN3vex5color5blackE
                0x0380260c      0x164 C:\Program Files (x86)\VEX Robotics\VEXcode\sdk/vexv5\libv5rt.a(vex_color.cpp.obj)
 .text._ZN3vex5timerD2Ev
                0x03802770        0x4 C:\Program Files (x86)\VEX Robotics\VEXcode\sdk/vexv5\libv5rt.a(vex_timer.cpp.obj)
                0x03802770                vex::timer::~timer()
                0x03802770                vex::timer::~timer()
 .text._ZN3vex5timer5clearEv
                0x03802774       0x1c C:\Program Files (x86)\VEX Robotics\VEXcode\sdk/vexv5\libv5rt.a(vex_timer.cpp.obj)
                0x03802774                vex::timer::clear()
 .text._ZN3vex5timerC2Ev
                0x03802790       0x14 C:\Program Files (x86)\VEX Robotics\VEXcode\sdk/vexv5\libv5rt.a(vex_timer.cpp.obj)
                0x03802790                vex::timer::timer()
                0x03802790                vex::timer::timer()
 .text._ZN3vex5timer6systemEv
                0x038027a4        0x4 C:\Program Files (x86)\VEX Robotics\VEXcode\sdk/vexv5\libv5rt.a(vex_timer.cpp.obj)
                0x038027a4                vex::timer::system()
 .text.vexAdiPortConfigSet
                0x038027a8       0x28 C:\Program Files (x86)\VEX Robotics\VEXcode\sdk/vexv5\libv5rt.a(v5_apiuser.c.obj)
                0x038027a8                vexAdiPortConfigSet
 .text.vexMotorVelocitySet
                0x038027d0       0x20 C:\Program Files (x86)\VEX Robotics\VEXcode\sdk/vexv5\libv5rt.a(v5_apiuser.c.obj)
                0x038027d0                vexMotorVelocitySet
 .text.vexMotorActualVelocityGet
                0x038027f0       0x24 C:\Program Files (x86)\VEX Robotics\VEXcode\sdk/vexv5\libv5rt.a(v5_apiuser.c.obj)
                0x038027f0                vexMotorActualVelocityGet
 .text.vexMotorReverseFlagSet
                0x03802814       0x20 C:\Program Files (x86)\VEX Robotics\VEXcode\sdk/vexv5\libv5rt.a(v5_apiuser.c.obj)
                0x03802814                vexMotorReverseFlagSet
 .text.vexMotorBrakeModeSet
                0x03802834       0x20 C:\Program Files (x86)\VEX Robotics\VEXcode\sdk/vexv5\libv5rt.a(v5_apiuser.c.obj)
                0x03802834                vexMotorBrakeModeSet
 .text.vexMotorPositionSet
                0x03802854       0x28 C:\Program Files (x86)\VEX Robotics\VEXcode\sdk/vexv5\libv5rt.a(v5_apiuser.c.obj)
                0x03802854                vexMotorPositionSet
 .text.vexMotorGearingSet
                0x0380287c       0x20 C:\Program Files (x86)\VEX Robotics\VEXcode\sdk/vexv5\libv5rt.a(v5_apiuser.c.obj)
                0x0380287c                vexMotorGearingSet
 .text.vexMotorGearingGet
                0x0380289c       0x18 C:\Program Files (x86)\VEX Robotics\VEXcode\sdk/vexv5\libv5rt.a(v5_apiuser.c.obj)
                0x0380289c                vexMotorGearingGet
 .text.vexEventMaskSet
                0x038028b4       0x28 C:\Program Files (x86)\VEX Robotics\VEXcode\sdk/vexv5\libv5rt.a(v5_apiuser.c.obj)
                0x038028b4                vexEventMaskSet
 .text.vexEventMaskGet
                0x038028dc       0x18 C:\Program Files (x86)\VEX Robotics\VEXcode\sdk/vexv5\libv5rt.a(v5_apiuser.c.obj)
                0x038028dc                vexEventMaskGet
 .text._ZN3vex6device5valueEv
                0x038028f4        0x8 C:\Program Files (x86)\VEX Robotics\VEXcode\sdk/vexv5\libv5rt.a(vex_device.cpp.obj)
                0x038028f4                vex::device::value()
 .text._ZN3vex6deviceD2Ev
                0x038028fc        0x4 C:\Program Files (x86)\VEX Robotics\VEXcode\sdk/vexv5\libv5rt.a(vex_device.cpp.obj)
                0x038028fc                vex::device::~device()
                0x038028fc                vex::device::~device()
 .text._ZN3vex6device4initEl
                0x03802900       0x30 C:\Program Files (x86)\VEX Robotics\VEXcode\sdk/vexv5\libv5rt.a(vex_device.cpp.obj)
                0x03802900                vex::device::init(long)
 .text._ZN3vex6deviceC2El
                0x03802930       0x20 C:\Program Files (x86)\VEX Robotics\VEXcode\sdk/vexv5\libv5rt.a(vex_device.cpp.obj)
                0x03802930                vex::device::device(long)
                0x03802930                vex::device::device(long)
 .text._ZN3vex6device4typeEv
                0x03802950       0x10 C:\Program Files (x86)\VEX Robotics\VEXcode\sdk/vexv5\libv5rt.a(vex_device.cpp.obj)
                0x03802950                vex::device::type()
 .text._ZN3vex6device9installedEv
                0x03802960       0x14 C:\Program Files (x86)\VEX Robotics\VEXcode\sdk/vexv5\libv5rt.a(vex_device.cpp.obj)
                0x03802960                vex::device::installed()
 .text._ZN10__cxxabiv120__si_class_type_infoD2Ev
                0x03802974       0x14 C:\Program Files (x86)\VEX Robotics\VEXcode\sdk/vexv5/gcc/libs\libstdc++.a(si_class_type_info.o)
                0x03802974                __cxxabiv1::__si_class_type_info::~__si_class_type_info()
                0x03802974                __cxxabiv1::__si_class_type_info::~__si_class_type_info()
 .text._ZN10__cxxabiv120__si_class_type_infoD0Ev
                0x03802988       0x1c C:\Program Files (x86)\VEX Robotics\VEXcode\sdk/vexv5/gcc/libs\libstdc++.a(si_class_type_info.o)
                0x03802988                __cxxabiv1::__si_class_type_info::~__si_class_type_info()
 .text._ZNK10__cxxabiv120__si_class_type_info20__do_find_public_srcEiPKvPKNS_17__class_type_infoES2_
                0x038029a4       0x3c C:\Program Files (x86)\VEX Robotics\VEXcode\sdk/vexv5/gcc/libs\libstdc++.a(si_class_type_info.o)
                0x038029a4                __cxxabiv1::__si_class_type_info::__do_find_public_src(int, void const*, __cxxabiv1::__class_type_info const*, void const*) const
 .text._ZNK10__cxxabiv120__si_class_type_info12__do_dyncastEiNS_17__class_type_info10__sub_kindEPKS1_PKvS4_S6_RNS1_16__dyncast_resultE
                0x038029e0       0x8c C:\Program Files (x86)\VEX Robotics\VEXcode\sdk/vexv5/gcc/libs\libstdc++.a(si_class_type_info.o)
                0x038029e0                __cxxabiv1::__si_class_type_info::__do_dyncast(int, __cxxabiv1::__class_type_info::__sub_kind, __cxxabiv1::__class_type_info const*, void const*, __cxxabiv1::__class_type_info const*, void const*, __cxxabiv1::__class_type_info::__dyncast_result&) const
 .text._ZNK10__cxxabiv120__si_class_type_info11__do_upcastEPKNS_17__class_type_infoEPKvRNS1_15__upcast_resultE
                0x03802a6c       0x2c C:\Program Files (x86)\VEX Robotics\VEXcode\sdk/vexv5/gcc/libs\libstdc++.a(si_class_type_info.o)
                0x03802a6c                __cxxabiv1::__si_class_type_info::__do_upcast(__cxxabiv1::__class_type_info const*, void const*, __cxxabiv1::__class_type_info::__upcast_result&) const
 .text._ZNSt8ios_base17_M_call_callbacksENS_5eventE
                0x03802a98       0x34 C:\Program Files (x86)\VEX Robotics\VEXcode\sdk/vexv5/gcc/libs\libstdc++.a(ios.o)
                0x03802a98                std::ios_base::_M_call_callbacks(std::ios_base::event)
 .text._ZNSt8ios_base20_M_dispose_callbacksEv
                0x03802acc       0x2c C:\Program Files (x86)\VEX Robotics\VEXcode\sdk/vexv5/gcc/libs\libstdc++.a(ios.o)
                0x03802acc                std::ios_base::_M_dispose_callbacks()
 .text._ZNSt8ios_baseD2Ev
                0x03802af8       0x38 C:\Program Files (x86)\VEX Robotics\VEXcode\sdk/vexv5/gcc/libs\libstdc++.a(ios.o)
                0x03802af8                std::ios_base::~ios_base()
                0x03802af8                std::ios_base::~ios_base()
 .text._ZNSt8ios_baseD0Ev
                0x03802b30       0x14 C:\Program Files (x86)\VEX Robotics\VEXcode\sdk/vexv5/gcc/libs\libstdc++.a(ios.o)
                0x03802b30                std::ios_base::~ios_base()
 .text._ZNK10__cxxabiv117__class_type_info11__do_upcastEPKS0_PPv
                0x03802b44       0x38 C:\Program Files (x86)\VEX Robotics\VEXcode\sdk/vexv5/gcc/libs\libstdc++.a(class_type_info.o)
                0x03802b44                __cxxabiv1::__class_type_info::__do_upcast(__cxxabiv1::__class_type_info const*, void**) const
 .text._ZNK10__cxxabiv117__class_type_info20__do_find_public_srcEiPKvPKS0_S2_
                0x03802b7c        0xc C:\Program Files (x86)\VEX Robotics\VEXcode\sdk/vexv5/gcc/libs\libstdc++.a(class_type_info.o)
                0x03802b7c                __cxxabiv1::__class_type_info::__do_find_public_src(int, void const*, __cxxabiv1::__class_type_info const*, void const*) const
 .text._ZN10__cxxabiv117__class_type_infoD2Ev
                0x03802b88       0x14 C:\Program Files (x86)\VEX Robotics\VEXcode\sdk/vexv5/gcc/libs\libstdc++.a(class_type_info.o)
                0x03802b88                __cxxabiv1::__class_type_info::~__class_type_info()
                0x03802b88                __cxxabiv1::__class_type_info::~__class_type_info()
 .text._ZN10__cxxabiv117__class_type_infoD0Ev
                0x03802b9c       0x1c C:\Program Files (x86)\VEX Robotics\VEXcode\sdk/vexv5/gcc/libs\libstdc++.a(class_type_info.o)
                0x03802b9c                __cxxabiv1::__class_type_info::~__class_type_info()
 .text._ZNK10__cxxabiv117__class_type_info11__do_upcastEPKS0_PKvRNS0_15__upcast_resultE
                0x03802bb8       0x18 C:\Program Files (x86)\VEX Robotics\VEXcode\sdk/vexv5/gcc/libs\libstdc++.a(class_type_info.o)
                0x03802bb8                __cxxabiv1::__class_type_info::__do_upcast(__cxxabiv1::__class_type_info const*, void const*, __cxxabiv1::__class_type_info::__upcast_result&) const
 .text._ZNK10__cxxabiv117__class_type_info10__do_catchEPKSt9type_infoPPvj
                0x03802bd0       0x2c C:\Program Files (x86)\VEX Robotics\VEXcode\sdk/vexv5/gcc/libs\libstdc++.a(class_type_info.o)
                0x03802bd0                __cxxabiv1::__class_type_info::__do_catch(std::type_info const*, void**, unsigned int) const
 .text._ZNK10__cxxabiv117__class_type_info12__do_dyncastEiNS0_10__sub_kindEPKS0_PKvS3_S5_RNS0_16__dyncast_resultE
                0x03802bfc       0x40 C:\Program Files (x86)\VEX Robotics\VEXcode\sdk/vexv5/gcc/libs\libstdc++.a(class_type_info.o)
                0x03802bfc                __cxxabiv1::__class_type_info::__do_dyncast(int, __cxxabiv1::__class_type_info::__sub_kind, __cxxabiv1::__class_type_info const*, void const*, __cxxabiv1::__class_type_info const*, void const*, __cxxabiv1::__class_type_info::__dyncast_result&) const
 .text._ZNSt9type_infoD2Ev
                0x03802c3c        0x4 C:\Program Files (x86)\VEX Robotics\VEXcode\sdk/vexv5/gcc/libs\libstdc++.a(tinfo.o)
                0x03802c3c                std::type_info::~type_info()
                0x03802c3c                std::type_info::~type_info()
 .text._ZNKSt9type_info14__is_pointer_pEv
                0x03802c40        0x4 C:\Program Files (x86)\VEX Robotics\VEXcode\sdk/vexv5/gcc/libs\libstdc++.a(tinfo.o)
                0x03802c40                std::type_info::__is_pointer_p() const
 .text._ZNKSt9type_info15__is_function_pEv
                0x03802c44        0x4 C:\Program Files (x86)\VEX Robotics\VEXcode\sdk/vexv5/gcc/libs\libstdc++.a(tinfo.o)
                0x03802c44                std::type_info::__is_function_p() const
 .text._ZNKSt9type_infoeqERKS_
                0x03802c48       0x2c C:\Program Files (x86)\VEX Robotics\VEXcode\sdk/vexv5/gcc/libs\libstdc++.a(tinfo.o)
                0x03802c48                std::type_info::operator==(std::type_info const&) const
 .text._ZN10__cxxabiv121__vmi_class_type_infoD2Ev
                0x03802c74       0x14 C:\Program Files (x86)\VEX Robotics\VEXcode\sdk/vexv5/gcc/libs\libstdc++.a(vmi_class_type_info.o)
                0x03802c74                __cxxabiv1::__vmi_class_type_info::~__vmi_class_type_info()
                0x03802c74                __cxxabiv1::__vmi_class_type_info::~__vmi_class_type_info()
 .text._ZN10__cxxabiv121__vmi_class_type_infoD0Ev
                0x03802c88       0x1c C:\Program Files (x86)\VEX Robotics\VEXcode\sdk/vexv5/gcc/libs\libstdc++.a(vmi_class_type_info.o)
                0x03802c88                __cxxabiv1::__vmi_class_type_info::~__vmi_class_type_info()
 .text._ZNK10__cxxabiv121__vmi_class_type_info20__do_find_public_srcEiPKvPKNS_17__class_type_infoES2_
                0x03802ca4       0x8c C:\Program Files (x86)\VEX Robotics\VEXcode\sdk/vexv5/gcc/libs\libstdc++.a(vmi_class_type_info.o)
                0x03802ca4                __cxxabiv1::__vmi_class_type_info::__do_find_public_src(int, void const*, __cxxabiv1::__class_type_info const*, void const*) const
 .text._ZNK10__cxxabiv121__vmi_class_type_info12__do_dyncastEiNS_17__class_type_info10__sub_kindEPKS1_PKvS4_S6_RNS1_16__dyncast_resultE
                0x03802d30      0x380 C:\Program Files (x86)\VEX Robotics\VEXcode\sdk/vexv5/gcc/libs\libstdc++.a(vmi_class_type_info.o)
                0x03802d30                __cxxabiv1::__vmi_class_type_info::__do_dyncast(int, __cxxabiv1::__class_type_info::__sub_kind, __cxxabiv1::__class_type_info const*, void const*, __cxxabiv1::__class_type_info const*, void const*, __cxxabiv1::__class_type_info::__dyncast_result&) const
 .text._ZNK10__cxxabiv121__vmi_class_type_info11__do_upcastEPKNS_17__class_type_infoEPKvRNS1_15__upcast_resultE
                0x038030b0      0x164 C:\Program Files (x86)\VEX Robotics\VEXcode\sdk/vexv5/gcc/libs\libstdc++.a(vmi_class_type_info.o)
                0x038030b0                __cxxabiv1::__vmi_class_type_info::__do_upcast(__cxxabiv1::__class_type_info const*, void const*, __cxxabiv1::__class_type_info::__upcast_result&) const
 .text.__libc_fini_array
                0x03803214       0x30 C:\Program Files (x86)\VEX Robotics\VEXcode\sdk/vexv5/gcc/libs\libc.a(lib_a-fini.o)
                0x03803214                __libc_fini_array
 .text.__libc_init_array
                0x03803244       0x58 C:\Program Files (x86)\VEX Robotics\VEXcode\sdk/vexv5/gcc/libs\libc.a(lib_a-init.o)
                0x03803244                __libc_init_array
 *fill*         0x0380329c        0x4 
 .text.__libc_init_array.__stub
                0x038032a0       0x18 linker stubs
 *(.gnu.linkonce.t.*)
 *(.plt)
 *(.gnu_warning)
 *(.gcc_except_table)
 *(.glue_7)
 .glue_7        0x00000000        0x0 linker stubs
 *(.glue_7t)
 .glue_7t       0x00000000        0x0 linker stubs
 *(.vfp11_veneer)
 .vfp11_veneer  0x00000000        0x0 linker stubs
 *(.ARM.extab)
 *(.gnu.linkonce.armextab.*)

.v4_bx          0x038032b8        0x0
 .v4_bx         0x00000000        0x0 linker stubs

.iplt           0x038032b8        0x0
 .iplt          0x00000000        0x0 build/src/main.o

.init
 *(.init)

.fini
 *(.fini)

.rodata         0x038032b8      0x408
                0x038032b8                __rodata_start = .
 *(.rodata)
 *(.rodata.*)
 .rodata.str1.1
                0x038032b8       0xf3 build/src/main.o
 *fill*         0x038033ab        0x1 
 .rodata._ZTV21velocityRecordedMotor
                0x038033ac       0x10 build/src/main.o
                0x038033ac                vtable for velocityRecordedMotor
 .rodata.str1.1
                0x038033bc       0x2e C:\Program Files (x86)\VEX Robotics\VEXcode\sdk/vexv5\libv5rt.a(v5_startup.c.obj)
 *fill*         0x038033ea        0x2 
 .rodata._ZN3vex6PORT22E
                0x038033ec        0x4 C:\Program Files (x86)\VEX Robotics\VEXcode\sdk/vexv5\libv5rt.a(vex_global.cpp.obj)
                0x038033ec                vex::PORT22
 .rodata._ZN3vex5PORT2E
                0x038033f0        0x4 C:\Program Files (x86)\VEX Robotics\VEXcode\sdk/vexv5\libv5rt.a(vex_global.cpp.obj)
                0x038033f0                vex::PORT2
 .rodata._ZN3vex5PORT4E
                0x038033f4        0x4 C:\Program Files (x86)\VEX Robotics\VEXcode\sdk/vexv5\libv5rt.a(vex_global.cpp.obj)
                0x038033f4                vex::PORT4
 .rodata._ZN3vex5PORT5E
                0x038033f8        0x4 C:\Program Files (x86)\VEX Robotics\VEXcode\sdk/vexv5\libv5rt.a(vex_global.cpp.obj)
                0x038033f8                vex::PORT5
 .rodata._ZN3vex5PORT6E
                0x038033fc        0x4 C:\Program Files (x86)\VEX Robotics\VEXcode\sdk/vexv5\libv5rt.a(vex_global.cpp.obj)
                0x038033fc                vex::PORT6
 .rodata._ZN3vex5PORT1E
                0x03803400        0x4 C:\Program Files (x86)\VEX Robotics\VEXcode\sdk/vexv5\libv5rt.a(vex_global.cpp.obj)
                0x03803400                vex::PORT1
 .rodata._ZN3vex5PORT3E
                0x03803404        0x4 C:\Program Files (x86)\VEX Robotics\VEXcode\sdk/vexv5\libv5rt.a(vex_global.cpp.obj)
                0x03803404                vex::PORT3
 .rodata._ZTVN3vex5motorE
                0x03803408       0x10 C:\Program Files (x86)\VEX Robotics\VEXcode\sdk/vexv5\libv5rt.a(vex_motor.cpp.obj)
                0x03803408                vtable for vex::motor
 .rodata.str1.1
                0x03803418       0x15 C:\Program Files (x86)\VEX Robotics\VEXcode\sdk/vexv5\libv5rt.a(vex_controller.cpp.obj)
                                 0x16 (size before relaxing)
 .rodata.CSWTCH.15
                0x0380342d        0xb C:\Program Files (x86)\VEX Robotics\VEXcode\sdk/vexv5\libv5rt.a(vex_controller.cpp.obj)
 .rodata.CSWTCH.17
                0x03803438        0xb C:\Program Files (x86)\VEX Robotics\VEXcode\sdk/vexv5\libv5rt.a(vex_controller.cpp.obj)
 .rodata.CSWTCH.23
                0x03803443        0x3 C:\Program Files (x86)\VEX Robotics\VEXcode\sdk/vexv5\libv5rt.a(vex_controller.cpp.obj)
 .rodata.str1.1
                0x03803446       0x1a C:\Program Files (x86)\VEX Robotics\VEXcode\sdk/vexv5\libv5rt.a(vex_brain.cpp.obj)
 .rodata._ZTVN3vex7triportE
                0x03803460       0x10 C:\Program Files (x86)\VEX Robotics\VEXcode\sdk/vexv5\libv5rt.a(vex_triport.cpp.obj)
                0x03803460                vtable for vex::triport
 .rodata._ZTVN3vex6deviceE
                0x03803470       0x10 C:\Program Files (x86)\VEX Robotics\VEXcode\sdk/vexv5\libv5rt.a(vex_device.cpp.obj)
                0x03803470                vtable for vex::device
 .rodata._ZTCSt14basic_ofstreamIcSt11char_traitsIcEE0_So
                0x03803480       0x28 C:\Program Files (x86)\VEX Robotics\VEXcode\sdk/vexv5/gcc/libs\libstdc++.a(fstream-inst.o)
                0x03803480                construction vtable for std::ostream-in-std::basic_ofstream<char, std::char_traits<char> >
 .rodata._ZTTSt14basic_ofstreamIcSt11char_traitsIcEE
                0x038034a8       0x10 C:\Program Files (x86)\VEX Robotics\VEXcode\sdk/vexv5/gcc/libs\libstdc++.a(fstream-inst.o)
                0x038034a8                VTT for std::basic_ofstream<char, std::char_traits<char> >
 .rodata._ZTVSt14basic_ofstreamIcSt11char_traitsIcEE
                0x038034b8       0x28 C:\Program Files (x86)\VEX Robotics\VEXcode\sdk/vexv5/gcc/libs\libstdc++.a(fstream-inst.o)
                0x038034b8                vtable for std::basic_ofstream<char, std::char_traits<char> >
 .rodata._ZTISt14basic_ofstreamIcSt11char_traitsIcEE
                0x038034e0        0xc C:\Program Files (x86)\VEX Robotics\VEXcode\sdk/vexv5/gcc/libs\libstdc++.a(fstream-inst.o)
                0x038034e0                typeinfo for std::basic_ofstream<char, std::char_traits<char> >
 .rodata._ZTSSt14basic_ofstreamIcSt11char_traitsIcEE
                0x038034ec       0x28 C:\Program Files (x86)\VEX Robotics\VEXcode\sdk/vexv5/gcc/libs\libstdc++.a(fstream-inst.o)
                0x038034ec                typeinfo name for std::basic_ofstream<char, std::char_traits<char> >
 *fill*         0x03803514        0x4 
 .rodata._ZTVN10__cxxabiv120__si_class_type_infoE
                0x03803518       0x2c C:\Program Files (x86)\VEX Robotics\VEXcode\sdk/vexv5/gcc/libs\libstdc++.a(si_class_type_info.o)
                0x03803518                vtable for __cxxabiv1::__si_class_type_info
 .rodata._ZTIN10__cxxabiv120__si_class_type_infoE
                0x03803544        0xc C:\Program Files (x86)\VEX Robotics\VEXcode\sdk/vexv5/gcc/libs\libstdc++.a(si_class_type_info.o)
                0x03803544                typeinfo for __cxxabiv1::__si_class_type_info
 .rodata._ZTSN10__cxxabiv120__si_class_type_infoE
                0x03803550       0x25 C:\Program Files (x86)\VEX Robotics\VEXcode\sdk/vexv5/gcc/libs\libstdc++.a(si_class_type_info.o)
                0x03803550                typeinfo name for __cxxabiv1::__si_class_type_info
 *fill*         0x03803575        0x3 
 .rodata._ZTISt9basic_iosIcSt11char_traitsIcEE
                0x03803578        0xc C:\Program Files (x86)\VEX Robotics\VEXcode\sdk/vexv5/gcc/libs\libstdc++.a(ios-inst.o)
                0x03803578                typeinfo for std::basic_ios<char, std::char_traits<char> >
 .rodata._ZTSSt9basic_iosIcSt11char_traitsIcEE
                0x03803584       0x22 C:\Program Files (x86)\VEX Robotics\VEXcode\sdk/vexv5/gcc/libs\libstdc++.a(ios-inst.o)
                0x03803584                typeinfo name for std::basic_ios<char, std::char_traits<char> >
 *fill*         0x038035a6        0x2 
 .rodata._ZTVSt8ios_base
                0x038035a8       0x10 C:\Program Files (x86)\VEX Robotics\VEXcode\sdk/vexv5/gcc/libs\libstdc++.a(ios.o)
                0x038035a8                vtable for std::ios_base
 .rodata._ZTISt8ios_base
                0x038035b8        0x8 C:\Program Files (x86)\VEX Robotics\VEXcode\sdk/vexv5/gcc/libs\libstdc++.a(ios.o)
                0x038035b8                typeinfo for std::ios_base
 .rodata._ZTSSt8ios_base
                0x038035c0        0xc C:\Program Files (x86)\VEX Robotics\VEXcode\sdk/vexv5/gcc/libs\libstdc++.a(ios.o)
                0x038035c0                typeinfo name for std::ios_base
 .rodata._ZTISo
                0x038035cc       0x18 C:\Program Files (x86)\VEX Robotics\VEXcode\sdk/vexv5/gcc/libs\libstdc++.a(ostream-inst.o)
                0x038035cc                typeinfo for std::ostream
 .rodata._ZTSSo
                0x038035e4        0x3 C:\Program Files (x86)\VEX Robotics\VEXcode\sdk/vexv5/gcc/libs\libstdc++.a(ostream-inst.o)
                0x038035e4                typeinfo name for std::ostream
 *fill*         0x038035e7        0x1 
 .rodata._ZTVN10__cxxabiv117__class_type_infoE
                0x038035e8       0x2c C:\Program Files (x86)\VEX Robotics\VEXcode\sdk/vexv5/gcc/libs\libstdc++.a(class_type_info.o)
                0x038035e8                vtable for __cxxabiv1::__class_type_info
 .rodata._ZTIN10__cxxabiv117__class_type_infoE
                0x03803614        0xc C:\Program Files (x86)\VEX Robotics\VEXcode\sdk/vexv5/gcc/libs\libstdc++.a(class_type_info.o)
                0x03803614                typeinfo for __cxxabiv1::__class_type_info
 .rodata._ZTSN10__cxxabiv117__class_type_infoE
                0x03803620       0x22 C:\Program Files (x86)\VEX Robotics\VEXcode\sdk/vexv5/gcc/libs\libstdc++.a(class_type_info.o)
                0x03803620                typeinfo name for __cxxabiv1::__class_type_info
 *fill*         0x03803642        0x2 
 .rodata._ZTISt9type_info
                0x03803644        0x8 C:\Program Files (x86)\VEX Robotics\VEXcode\sdk/vexv5/gcc/libs\libstdc++.a(tinfo.o)
                0x03803644                typeinfo for std::type_info
 .rodata._ZTSSt9type_info
                0x0380364c        0xd C:\Program Files (x86)\VEX Robotics\VEXcode\sdk/vexv5/gcc/libs\libstdc++.a(tinfo.o)
                0x0380364c                typeinfo name for std::type_info
 *fill*         0x03803659        0x3 
 .rodata._ZTIN10__cxxabiv121__vmi_class_type_infoE
                0x0380365c        0xc C:\Program Files (x86)\VEX Robotics\VEXcode\sdk/vexv5/gcc/libs\libstdc++.a(vmi_class_type_info.o)
                0x0380365c                typeinfo for __cxxabiv1::__vmi_class_type_info
 .rodata._ZTSN10__cxxabiv121__vmi_class_type_infoE
                0x03803668       0x26 C:\Program Files (x86)\VEX Robotics\VEXcode\sdk/vexv5/gcc/libs\libstdc++.a(vmi_class_type_info.o)
                0x03803668                typeinfo name for __cxxabiv1::__vmi_class_type_info
 *fill*         0x0380368e        0x2 
 .rodata._ZTVN10__cxxabiv121__vmi_class_type_infoE
                0x03803690       0x2c C:\Program Files (x86)\VEX Robotics\VEXcode\sdk/vexv5/gcc/libs\libstdc++.a(vmi_class_type_info.o)
                0x03803690                vtable for __cxxabiv1::__vmi_class_type_info
 .rodata.str1.4
                0x038036bc        0x4 C:\Program Files (x86)\VEX Robotics\VEXcode\sdk/vexv5/gcc/libs\libc.a(lib_a-impure.o)
                                  0x2 (size before relaxing)
 *(.gnu.linkonce.r.*)
                0x038036c0                __rodata_end = .

.ARM.extab.text._ZNSt8ios_base17_M_call_callbacksENS_5eventE
                0x038036c0       0x28
 .ARM.extab.text._ZNSt8ios_base17_M_call_callbacksENS_5eventE
                0x038036c0       0x28 C:\Program Files (x86)\VEX Robotics\VEXcode\sdk/vexv5/gcc/libs\libstdc++.a(ios.o)

.rodata1        0x038036e8        0x0
                0x038036e8                __rodata1_start = .
 *(.rodata1)
 *(.rodata1.*)
                0x038036e8                __rodata1_end = .

.sdata2         0x038036e8        0x0
                0x038036e8                __sdata2_start = .
 *(.sdata2)
 *(.sdata2.*)
 *(.gnu.linkonce.s2.*)
                0x038036e8                __sdata2_end = .

.sbss2          0x038036e8        0x0
                0x038036e8                __sbss2_start = .
 *(.sbss2)
 *(.sbss2.*)
 *(.gnu.linkonce.sb2.*)
                0x038036e8                __sbss2_end = .

.data           0x038036e8      0x434
                0x038036e8                __data_start = .
 *(.data)
 *(.data.*)
 .data.appRunning
                0x038036e8        0x4 C:\Program Files (x86)\VEX Robotics\VEXcode\sdk/vexv5\libv5rt.a(v5_startup.c.obj)
                0x038036e8                appRunning
 *fill*         0x038036ec        0x4 
 .data.impure_data
                0x038036f0      0x428 C:\Program Files (x86)\VEX Robotics\VEXcode\sdk/vexv5/gcc/libs\libc.a(lib_a-impure.o)
 .data._impure_ptr
                0x03803b18        0x4 C:\Program Files (x86)\VEX Robotics\VEXcode\sdk/vexv5/gcc/libs\libc.a(lib_a-impure.o)
                0x03803b18                _impure_ptr
 *(.gnu.linkonce.d.*)
 *(.jcr)
 *(.got)
 *(.got.plt)
                0x03803b1c                __data_end = .

.igot.plt       0x03803b1c        0x0
 .igot.plt      0x00000000        0x0 build/src/main.o

.data1          0x03803b1c        0x0
                0x03803b1c                __data1_start = .
 *(.data1)
 *(.data1.*)
                0x03803b1c                __data1_end = .

.got
 *(.got)

.ctors          0x03803b1c        0x0
                0x03803b1c                __CTOR_LIST__ = .
                0x03803b1c                ___CTORS_LIST___ = .
 *crtbegin.o(.ctors)
 *(EXCLUDE_FILE(*crtend.o) .ctors)
 *(SORT(.ctors.*))
 *(.ctors)
                0x03803b1c                __CTOR_END__ = .
                0x03803b1c                ___CTORS_END___ = .

.dtors          0x03803b1c        0x0
                0x03803b1c                __DTOR_LIST__ = .
                0x03803b1c                ___DTORS_LIST___ = .
 *crtbegin.o(.dtors)
 *(EXCLUDE_FILE(*crtend.o) .dtors)
 *(SORT(.dtors.*))
 *(.dtors)
                0x03803b1c                __DTOR_END__ = .
                0x03803b1c                ___DTORS_END___ = .

.fixup          0x03803b1c        0x0
                0x03803b1c                __fixup_start = .
 *(.fixup)
                0x03803b1c                __fixup_end = .

.eh_frame
 *(.eh_frame)

.eh_framehdr    0x03803b1c        0x0
                0x03803b1c                __eh_framehdr_start = .
 *(.eh_framehdr)
                0x03803b1c                __eh_framehdr_end = .

.gcc_except_table
 *(.gcc_except_table)

.mmu_tbl        0x03804000        0x0
                0x03804000                __mmu_tbl_start = .
 *(.mmu_tbl)
                0x03804000                __mmu_tbl_end = .

.ARM.exidx      0x03803b1c       0x98
                0x03803b1c                __exidx_start = .
 *(.ARM.exidx*)
 .ARM.exidx.text._ZN21velocityRecordedMotorD2Ev
                0x03803b1c        0x8 build/src/main.o
 .ARM.exidx.text.main
                0x03803b24        0x0 build/src/main.o
                                  0x8 (size before relaxing)
 .ARM.exidx.text._ZN21velocityRecordedMotor15enableRecordingEv
                0x03803b24        0x0 build/src/main.o
                                  0x8 (size before relaxing)
 .ARM.exidx.text._ZN21velocityRecordedMotor13saveRecordingEv
                0x03803b24        0x0 build/src/main.o
                                  0x8 (size before relaxing)
 .ARM.exidx.text._ZN21velocityRecordedMotor13loadRecordingEv
                0x03803b24        0x0 build/src/main.o
                                  0x8 (size before relaxing)
 .ARM.exidx.text._ZN21velocityRecordedMotor4spinEN3vex13directionTypeEdNS0_13velocityUnitsE
                0x03803b24        0x0 build/src/main.o
                                  0x8 (size before relaxing)
 .ARM.exidx.text._GLOBAL__sub_I_main.cpp
                0x03803b24        0x0 build/src/main.o
                                  0x8 (size before relaxing)
 .ARM.exidx.text._ZN10__cxxabiv120__si_class_type_infoD2Ev
                0x03803b24        0x8 C:\Program Files (x86)\VEX Robotics\VEXcode\sdk/vexv5/gcc/libs\libstdc++.a(si_class_type_info.o)
 .ARM.exidx.text._ZN10__cxxabiv120__si_class_type_infoD0Ev
                0x03803b2c        0x0 C:\Program Files (x86)\VEX Robotics\VEXcode\sdk/vexv5/gcc/libs\libstdc++.a(si_class_type_info.o)
                                  0x8 (size before relaxing)
 .ARM.exidx.text._ZNK10__cxxabiv120__si_class_type_info20__do_find_public_srcEiPKvPKNS_17__class_type_infoES2_
                0x03803b2c        0x8 C:\Program Files (x86)\VEX Robotics\VEXcode\sdk/vexv5/gcc/libs\libstdc++.a(si_class_type_info.o)
 .ARM.exidx.text._ZNK10__cxxabiv120__si_class_type_info12__do_dyncastEiNS_17__class_type_info10__sub_kindEPKS1_PKvS4_S6_RNS1_16__dyncast_resultE
                0x03803b34        0x8 C:\Program Files (x86)\VEX Robotics\VEXcode\sdk/vexv5/gcc/libs\libstdc++.a(si_class_type_info.o)
 .ARM.exidx.text._ZNK10__cxxabiv120__si_class_type_info11__do_upcastEPKNS_17__class_type_infoEPKvRNS1_15__upcast_resultE
                0x03803b3c        0x8 C:\Program Files (x86)\VEX Robotics\VEXcode\sdk/vexv5/gcc/libs\libstdc++.a(si_class_type_info.o)
 .ARM.exidx.text._ZNSt8ios_base17_M_call_callbacksENS_5eventE
                0x03803b44        0x8 C:\Program Files (x86)\VEX Robotics\VEXcode\sdk/vexv5/gcc/libs\libstdc++.a(ios.o)
 .ARM.exidx.text._ZNSt8ios_base20_M_dispose_callbacksEv
                0x03803b4c        0x8 C:\Program Files (x86)\VEX Robotics\VEXcode\sdk/vexv5/gcc/libs\libstdc++.a(ios.o)
 .ARM.exidx.text._ZNSt8ios_baseD2Ev
                0x03803b54        0x0 C:\Program Files (x86)\VEX Robotics\VEXcode\sdk/vexv5/gcc/libs\libstdc++.a(ios.o)
                                  0x8 (size before relaxing)
 .ARM.exidx.text._ZNSt8ios_baseD0Ev
                0x03803b54        0x0 C:\Program Files (x86)\VEX Robotics\VEXcode\sdk/vexv5/gcc/libs\libstdc++.a(ios.o)
                                  0x8 (size before relaxing)
 .ARM.exidx.text._ZNK10__cxxabiv117__class_type_info11__do_upcastEPKS0_PPv
                0x03803b54        0x8 C:\Program Files (x86)\VEX Robotics\VEXcode\sdk/vexv5/gcc/libs\libstdc++.a(class_type_info.o)
 .ARM.exidx.text._ZNK10__cxxabiv117__class_type_info20__do_find_public_srcEiPKvPKS0_S2_
                0x03803b5c        0x8 C:\Program Files (x86)\VEX Robotics\VEXcode\sdk/vexv5/gcc/libs\libstdc++.a(class_type_info.o)
 .ARM.exidx.text._ZN10__cxxabiv117__class_type_infoD2Ev
                0x03803b64        0x8 C:\Program Files (x86)\VEX Robotics\VEXcode\sdk/vexv5/gcc/libs\libstdc++.a(class_type_info.o)
 .ARM.exidx.text._ZN10__cxxabiv117__class_type_infoD0Ev
                0x03803b6c        0x0 C:\Program Files (x86)\VEX Robotics\VEXcode\sdk/vexv5/gcc/libs\libstdc++.a(class_type_info.o)
                                  0x8 (size before relaxing)
 .ARM.exidx.text._ZNK10__cxxabiv117__class_type_info11__do_upcastEPKS0_PKvRNS0_15__upcast_resultE
                0x03803b6c        0x8 C:\Program Files (x86)\VEX Robotics\VEXcode\sdk/vexv5/gcc/libs\libstdc++.a(class_type_info.o)
 .ARM.exidx.text._ZNK10__cxxabiv117__class_type_info10__do_catchEPKSt9type_infoPPvj
                0x03803b74        0x8 C:\Program Files (x86)\VEX Robotics\VEXcode\sdk/vexv5/gcc/libs\libstdc++.a(class_type_info.o)
 .ARM.exidx.text._ZNK10__cxxabiv117__class_type_info12__do_dyncastEiNS0_10__sub_kindEPKS0_PKvS3_S5_RNS0_16__dyncast_resultE
                0x03803b7c        0x8 C:\Program Files (x86)\VEX Robotics\VEXcode\sdk/vexv5/gcc/libs\libstdc++.a(class_type_info.o)
 .ARM.exidx.text._ZNSt9type_infoD2Ev
                0x03803b84        0x8 C:\Program Files (x86)\VEX Robotics\VEXcode\sdk/vexv5/gcc/libs\libstdc++.a(tinfo.o)
 .ARM.exidx.text._ZNKSt9type_info14__is_pointer_pEv
                0x03803b8c        0x0 C:\Program Files (x86)\VEX Robotics\VEXcode\sdk/vexv5/gcc/libs\libstdc++.a(tinfo.o)
                                  0x8 (size before relaxing)
 .ARM.exidx.text._ZNKSt9type_info15__is_function_pEv
                0x03803b8c        0x0 C:\Program Files (x86)\VEX Robotics\VEXcode\sdk/vexv5/gcc/libs\libstdc++.a(tinfo.o)
                                  0x8 (size before relaxing)
 .ARM.exidx.text._ZNKSt9type_infoeqERKS_
                0x03803b8c        0x0 C:\Program Files (x86)\VEX Robotics\VEXcode\sdk/vexv5/gcc/libs\libstdc++.a(tinfo.o)
                                  0x8 (size before relaxing)
 .ARM.exidx.text._ZN10__cxxabiv121__vmi_class_type_infoD2Ev
                0x03803b8c        0x8 C:\Program Files (x86)\VEX Robotics\VEXcode\sdk/vexv5/gcc/libs\libstdc++.a(vmi_class_type_info.o)
 .ARM.exidx.text._ZN10__cxxabiv121__vmi_class_type_infoD0Ev
                0x03803b94        0x0 C:\Program Files (x86)\VEX Robotics\VEXcode\sdk/vexv5/gcc/libs\libstdc++.a(vmi_class_type_info.o)
                                  0x8 (size before relaxing)
 .ARM.exidx.text._ZNK10__cxxabiv121__vmi_class_type_info20__do_find_public_srcEiPKvPKNS_17__class_type_infoES2_
                0x03803b94        0x8 C:\Program Files (x86)\VEX Robotics\VEXcode\sdk/vexv5/gcc/libs\libstdc++.a(vmi_class_type_info.o)
 .ARM.exidx.text._ZNK10__cxxabiv121__vmi_class_type_info12__do_dyncastEiNS_17__class_type_info10__sub_kindEPKS1_PKvS4_S6_RNS1_16__dyncast_resultE
                0x03803b9c        0x8 C:\Program Files (x86)\VEX Robotics\VEXcode\sdk/vexv5/gcc/libs\libstdc++.a(vmi_class_type_info.o)
 .ARM.exidx.text._ZNK10__cxxabiv121__vmi_class_type_info11__do_upcastEPKNS_17__class_type_infoEPKvRNS1_15__upcast_resultE
                0x03803ba4       0x10 C:\Program Files (x86)\VEX Robotics\VEXcode\sdk/vexv5/gcc/libs\libstdc++.a(vmi_class_type_info.o)
                                  0x8 (size before relaxing)
 *(.gnu.linkonce.armexidix.*.*)
                0x03803bb4                __exidx_end = .

.rel.dyn        0x03803bb4        0x0
 .rel.iplt      0x00000000        0x0 build/src/main.o

.preinit_array  0x03803bb4        0x0
                0x03803bb4                __preinit_array_start = .
 *(SORT(.preinit_array.*))
 *(.preinit_array)
                0x03803bb4                __preinit_array_end = .

.init_array     0x03803bb4       0x10
                0x03803bb4                __init_array_start = .
 *(SORT(.init_array.*))
 *(.init_array)
 .init_array    0x03803bb4        0x4 build/src/main.o
 .init_array    0x03803bb8        0x4 C:\Program Files (x86)\VEX Robotics\VEXcode\sdk/vexv5\libv5rt.a(vex_motor.cpp.obj)
 .init_array    0x03803bbc        0x4 C:\Program Files (x86)\VEX Robotics\VEXcode\sdk/vexv5\libv5rt.a(vex_triport.cpp.obj)
 .init_array    0x03803bc0        0x4 C:\Program Files (x86)\VEX Robotics\VEXcode\sdk/vexv5\libv5rt.a(vex_color.cpp.obj)
                0x03803bc4                __init_array_end = .

.fini_array     0x03803bc4        0x0
                0x03803bc4                __fini_array_start = .
 *(SORT(.fini_array.*))
 *(.fini_array)
                0x03803bc4                __fini_array_end = .

.ARM.attributes
                0x03803bc4       0x3c
                0x03803bc4                __ARM.attributes_start = .
 *(.ARM.attributes)
 .ARM.attributes
                0x03803bc4       0x3a build/src/main.o
 .ARM.attributes
                0x03803bfe       0x35 C:\Program Files (x86)\VEX Robotics\VEXcode\sdk/vexv5\libv5rt.a(v5_startup.c.obj)
 .ARM.attributes
                0x03803c33       0x35 C:\Program Files (x86)\VEX Robotics\VEXcode\sdk/vexv5\libv5rt.a(v5_util.c.obj)
 .ARM.attributes
                0x03803c68       0x35 C:\Program Files (x86)\VEX Robotics\VEXcode\sdk/vexv5\libv5rt.a(v5_apijump.c.obj)
 .ARM.attributes
                0x03803c9d       0x35 C:\Program Files (x86)\VEX Robotics\VEXcode\sdk/vexv5\libv5rt.a(v5_apiversions.c.obj)
 .ARM.attributes
                0x03803cd2       0x35 C:\Program Files (x86)\VEX Robotics\VEXcode\sdk/vexv5\libv5rt.a(vex_global.cpp.obj)
 .ARM.attributes
                0x03803d07       0x35 C:\Program Files (x86)\VEX Robotics\VEXcode\sdk/vexv5\libv5rt.a(vex_motor.cpp.obj)
 .ARM.attributes
                0x03803d3c       0x35 C:\Program Files (x86)\VEX Robotics\VEXcode\sdk/vexv5\libv5rt.a(vex_controller.cpp.obj)
 .ARM.attributes
                0x03803d71       0x35 C:\Program Files (x86)\VEX Robotics\VEXcode\sdk/vexv5\libv5rt.a(vex_task.cpp.obj)
 .ARM.attributes
                0x03803da6       0x35 C:\Program Files (x86)\VEX Robotics\VEXcode\sdk/vexv5\libv5rt.a(vex_event.cpp.obj)
 .ARM.attributes
                0x03803ddb       0x35 C:\Program Files (x86)\VEX Robotics\VEXcode\sdk/vexv5\libv5rt.a(vex_mevent.cpp.obj)
 .ARM.attributes
                0x03803e10       0x35 C:\Program Files (x86)\VEX Robotics\VEXcode\sdk/vexv5\libv5rt.a(vex_brain.cpp.obj)
 .ARM.attributes
                0x03803e45       0x35 C:\Program Files (x86)\VEX Robotics\VEXcode\sdk/vexv5\libv5rt.a(vex_triport.cpp.obj)
 .ARM.attributes
                0x03803e7a       0x35 C:\Program Files (x86)\VEX Robotics\VEXcode\sdk/vexv5\libv5rt.a(vex_color.cpp.obj)
 .ARM.attributes
                0x03803eaf       0x35 C:\Program Files (x86)\VEX Robotics\VEXcode\sdk/vexv5\libv5rt.a(vex_timer.cpp.obj)
 .ARM.attributes
                0x03803ee4       0x35 C:\Program Files (x86)\VEX Robotics\VEXcode\sdk/vexv5\libv5rt.a(v5_apiuser.c.obj)
 .ARM.attributes
                0x03803f19       0x35 C:\Program Files (x86)\VEX Robotics\VEXcode\sdk/vexv5\libv5rt.a(vex_device.cpp.obj)
 .ARM.attributes
                0x03803f4e       0x2b C:\Program Files (x86)\VEX Robotics\VEXcode\sdk/vexv5/gcc/libs\libstdc++.a(fstream-inst.o)
 .ARM.attributes
                0x03803f79       0x2b C:\Program Files (x86)\VEX Robotics\VEXcode\sdk/vexv5/gcc/libs\libstdc++.a(si_class_type_info.o)
 .ARM.attributes
                0x03803fa4       0x2b C:\Program Files (x86)\VEX Robotics\VEXcode\sdk/vexv5/gcc/libs\libstdc++.a(ios-inst.o)
 .ARM.attributes
                0x03803fcf       0x2b C:\Program Files (x86)\VEX Robotics\VEXcode\sdk/vexv5/gcc/libs\libstdc++.a(ios.o)
 .ARM.attributes
                0x03803ffa       0x2b C:\Program Files (x86)\VEX Robotics\VEXcode\sdk/vexv5/gcc/libs\libstdc++.a(ostream-inst.o)
 .ARM.attributes
                0x03804025       0x2b C:\Program Files (x86)\VEX Robotics\VEXcode\sdk/vexv5/gcc/libs\libstdc++.a(class_type_info.o)
 .ARM.attributes
                0x03804050       0x2b C:\Program Files (x86)\VEX Robotics\VEXcode\sdk/vexv5/gcc/libs\libstdc++.a(tinfo.o)
 .ARM.attributes
                0x0380407b       0x2b C:\Program Files (x86)\VEX Robotics\VEXcode\sdk/vexv5/gcc/libs\libstdc++.a(vmi_class_type_info.o)
 .ARM.attributes
                0x038040a6       0x2b C:\Program Files (x86)\VEX Robotics\VEXcode\sdk/vexv5/gcc/libs\libc.a(lib_a-fini.o)
 .ARM.attributes
                0x038040d1       0x2b C:\Program Files (x86)\VEX Robotics\VEXcode\sdk/vexv5/gcc/libs\libc.a(lib_a-impure.o)
 .ARM.attributes
                0x038040fc       0x2b C:\Program Files (x86)\VEX Robotics\VEXcode\sdk/vexv5/gcc/libs\libc.a(lib_a-init.o)
                0x03804127                __ARM.attributes_end = .

.sdata          0x03803bc4        0x0
                0x03803bc4                __sdata_start = .
 *(.sdata)
 *(.sdata.*)
 *(.gnu.linkonce.s.*)
                0x03803bc4                __sdata_end = .

.sbss           0x03803bc4        0x0
                0x03803bc4                __sbss_start = .
 *(.sbss)
 *(.sbss.*)
 *(.gnu.linkonce.sb.*)
                0x03803bc4                __sbss_end = .

.tdata          0x03803bc4        0x0
                0x03803bc4                __tdata_start = .
 *(.tdata)
 *(.tdata.*)
 *(.gnu.linkonce.td.*)
                0x03803bc4                __tdata_end = .

.tbss           0x03803bc4        0x0
                0x03803bc4                __tbss_start = .
 *(.tbss)
 *(.tbss.*)
 *(.gnu.linkonce.tb.*)
                0x03803bc4                __tbss_end = .

.bss            0x03803bc4      0x7c0
                0x03803bc4                __bss_start = .
 *(.bss)
 *(.bss.*)
 .bss.Brain     0x03803bc4      0x2e0 build/src/main.o
                0x03803bc4                Brain
 .bss.leftMotorFront
                0x03803ea4       0x28 build/src/main.o
                0x03803ea4                leftMotorFront
 .bss.leftMotorMiddle
                0x03803ecc       0x28 build/src/main.o
                0x03803ecc                leftMotorMiddle
 .bss.leftMotorBack
                0x03803ef4       0x28 build/src/main.o
                0x03803ef4                leftMotorBack
 .bss.rightMotorFront
                0x03803f1c       0x28 build/src/main.o
                0x03803f1c                rightMotorFront
 .bss.rightMotorMiddle
                0x03803f44       0x28 build/src/main.o
                0x03803f44                rightMotorMiddle
 .bss.rightMotorBack
                0x03803f6c       0x28 build/src/main.o
                0x03803f6c                rightMotorBack
 .bss.con       0x03803f94      0x1e0 build/src/main.o
                0x03803f94                con
 .bss._ZStL8__ioinit
                0x03804174        0x1 build/src/main.o
 *fill*         0x03804175        0x3 
 .bss.recordedleftMotorFront
                0x03804178       0x44 build/src/main.o
                0x03804178                recordedleftMotorFront
 .bss.recordedleftMotorMiddle
                0x038041bc       0x44 build/src/main.o
                0x038041bc                recordedleftMotorMiddle
 .bss.recordedleftMotorBack
                0x03804200       0x44 build/src/main.o
                0x03804200                recordedleftMotorBack
 .bss.recordedrightMotorFront
                0x03804244       0x44 build/src/main.o
                0x03804244                recordedrightMotorFront
 .bss.recordedrightMotorMiddle
                0x03804288       0x44 build/src/main.o
                0x03804288                recordedrightMotorMiddle
 .bss.recordedrightMotorBack
                0x038042cc       0x44 build/src/main.o
                0x038042cc                recordedrightMotorBack
 .bss.__dso_handle
                0x03804310        0x4 C:\Program Files (x86)\VEX Robotics\VEXcode\sdk/vexv5\libv5rt.a(v5_startup.c.obj)
                0x03804310                __dso_handle
 .bss.lastTime.8075
                0x03804314        0x4 C:\Program Files (x86)\VEX Robotics\VEXcode\sdk/vexv5\libv5rt.a(v5_apijump.c.obj)
 .bss._ZStL8__ioinit
                0x03804318        0x1 C:\Program Files (x86)\VEX Robotics\VEXcode\sdk/vexv5\libv5rt.a(vex_motor.cpp.obj)
 .bss._ZStL8__ioinit
                0x03804319        0x1 C:\Program Files (x86)\VEX Robotics\VEXcode\sdk/vexv5\libv5rt.a(vex_triport.cpp.obj)
 *fill*         0x0380431a        0x2 
 .bss._ZN3vex5color6orangeE
                0x0380431c        0x8 C:\Program Files (x86)\VEX Robotics\VEXcode\sdk/vexv5\libv5rt.a(vex_color.cpp.obj)
                0x0380431c                vex::color::orange
 .bss._ZN3vex5color5blackE
                0x03804324        0x8 C:\Program Files (x86)\VEX Robotics\VEXcode\sdk/vexv5\libv5rt.a(vex_color.cpp.obj)
                0x03804324                vex::color::black
 .bss._ZN3vex5color6yellowE
                0x0380432c        0x8 C:\Program Files (x86)\VEX Robotics\VEXcode\sdk/vexv5\libv5rt.a(vex_color.cpp.obj)
                0x0380432c                vex::color::yellow
 .bss._ZN3vex5color5greenE
                0x03804334        0x8 C:\Program Files (x86)\VEX Robotics\VEXcode\sdk/vexv5\libv5rt.a(vex_color.cpp.obj)
                0x03804334                vex::color::green
 .bss._ZN3vex5color6purpleE
                0x0380433c        0x8 C:\Program Files (x86)\VEX Robotics\VEXcode\sdk/vexv5\libv5rt.a(vex_color.cpp.obj)
                0x0380433c                vex::color::purple
 .bss._ZN3vex5color4cyanE
                0x03804344        0x8 C:\Program Files (x86)\VEX Robotics\VEXcode\sdk/vexv5\libv5rt.a(vex_color.cpp.obj)
                0x03804344                vex::color::cyan
 .bss._ZN3vex5color4blueE
                0x0380434c        0x8 C:\Program Files (x86)\VEX Robotics\VEXcode\sdk/vexv5\libv5rt.a(vex_color.cpp.obj)
                0x0380434c                vex::color::blue
 .bss._ZN3vex5color3redE
                0x03804354        0x8 C:\Program Files (x86)\VEX Robotics\VEXcode\sdk/vexv5\libv5rt.a(vex_color.cpp.obj)
                0x03804354                vex::color::red
 .bss._ZN3vex5color11transparentE
                0x0380435c        0x8 C:\Program Files (x86)\VEX Robotics\VEXcode\sdk/vexv5\libv5rt.a(vex_color.cpp.obj)
                0x0380435c                vex::color::transparent
 .bss._ZN3vex5color5whiteE
                0x03804364        0x8 C:\Program Files (x86)\VEX Robotics\VEXcode\sdk/vexv5\libv5rt.a(vex_color.cpp.obj)
                0x03804364                vex::color::white
 *(.gnu.linkonce.b.*)
 *(COMMON)
 COMMON         0x0380436c       0x18 C:\Program Files (x86)\VEX Robotics\VEXcode\sdk/vexv5\libv5rt.a(v5_startup.c.obj)
                0x03804370                __vex_critical_section
                0x03804384                __bss_end = .
                0x03803bc4                _SDA_BASE_ = (__sdata_start + ((__sbss_end - __sdata_start) / 0x2))
                0x038036e8                _SDA2_BASE_ = (__sdata2_start + ((__sbss2_end - __sdata2_start) / 0x2))

.heap           0x03804384   0x10000c
                0x03804390                . = ALIGN (0x10)
 *fill*         0x03804384        0xc 
                0x03804390                _heap = .
                0x03804390                HeapBase = .
                0x03804390                _heap_start = .
                0x03904390                . = (. + _HEAP_SIZE)
 *fill*         0x03804390   0x100000 
                0x03904390                _heap_end = .
                0x03904390                HeapLimit = .

.stack          0x03904390     0x3800
                0x03904390                . = ALIGN (0x10)
                0x03904390                _stack_end = .
                0x03906390                . = (. + _STACK_SIZE)
 *fill*         0x03904390     0x2000 
                0x03906390                . = ALIGN (0x10)
                0x03906390                _stack = .
                0x03906390                __stack = _stack
                0x03906390                . = ALIGN (0x10)
                0x03906390                _irq_stack_end = .
                0x03906790                . = (. + _IRQ_STACK_SIZE)
 *fill*         0x03906390      0x400 
                0x03906790                . = ALIGN (0x10)
                0x03906790                __irq_stack = .
                0x03906790                _supervisor_stack_end = .
                0x03906f90                . = (. + _SUPERVISOR_STACK_SIZE)
 *fill*         0x03906790      0x800 
                0x03906f90                . = ALIGN (0x10)
                0x03906f90                __supervisor_stack = .
                0x03906f90                _abort_stack_end = .
                0x03907390                . = (. + _ABORT_STACK_SIZE)
 *fill*         0x03906f90      0x400 
                0x03907390                . = ALIGN (0x10)
                0x03907390                __abort_stack = .
                0x03907390                _fiq_stack_end = .
                0x03907790                . = (. + _FIQ_STACK_SIZE)
 *fill*         0x03907390      0x400 
                0x03907790                . = ALIGN (0x10)
                0x03907790                __fiq_stack = .
                0x03907790                _undef_stack_end = .
                0x03907b90                . = (. + _UNDEF_STACK_SIZE)
 *fill*         0x03907790      0x400 
                0x03907b90                . = ALIGN (0x10)
                0x03907b90                __undef_stack = .
                0x03907b90                _end = .
LOAD C:\Program Files (x86)\VEX Robotics\VEXcode\sdk/vexv5/stdlib_0.lib
LOAD build/src/main.o
START GROUP
LOAD C:\Program Files (x86)\VEX Robotics\VEXcode\sdk/vexv5\libv5rt.a
LOAD C:\Program Files (x86)\VEX Robotics\VEXcode\sdk/vexv5/gcc/libs\libstdc++.a
LOAD C:\Program Files (x86)\VEX Robotics\VEXcode\sdk/vexv5/gcc/libs\libc.a
LOAD C:\Program Files (x86)\VEX Robotics\VEXcode\sdk/vexv5/gcc/libs\libm.a
LOAD C:\Program Files (x86)\VEX Robotics\VEXcode\sdk/vexv5/gcc/libs\libgcc.a
END GROUP
OUTPUT(build/Rerun.elf elf32-littlearm)

.comment        0x00000000       0x9d
 .comment       0x00000000       0x2d build/src/main.o
                                 0x2e (size before relaxing)
 .comment       0x0000002d       0x70 C:\Program Files (x86)\VEX Robotics\VEXcode\sdk/vexv5\libv5rt.a(v5_startup.c.obj)
                                 0x71 (size before relaxing)
 .comment       0x00000000       0x71 C:\Program Files (x86)\VEX Robotics\VEXcode\sdk/vexv5\libv5rt.a(v5_util.c.obj)
 .comment       0x00000000       0x71 C:\Program Files (x86)\VEX Robotics\VEXcode\sdk/vexv5\libv5rt.a(v5_apijump.c.obj)
 .comment       0x00000000       0x71 C:\Program Files (x86)\VEX Robotics\VEXcode\sdk/vexv5\libv5rt.a(v5_apiversions.c.obj)
 .comment       0x00000000       0x71 C:\Program Files (x86)\VEX Robotics\VEXcode\sdk/vexv5\libv5rt.a(vex_global.cpp.obj)
 .comment       0x00000000       0x71 C:\Program Files (x86)\VEX Robotics\VEXcode\sdk/vexv5\libv5rt.a(vex_motor.cpp.obj)
 .comment       0x00000000       0x71 C:\Program Files (x86)\VEX Robotics\VEXcode\sdk/vexv5\libv5rt.a(vex_controller.cpp.obj)
 .comment       0x00000000       0x71 C:\Program Files (x86)\VEX Robotics\VEXcode\sdk/vexv5\libv5rt.a(vex_task.cpp.obj)
 .comment       0x00000000       0x71 C:\Program Files (x86)\VEX Robotics\VEXcode\sdk/vexv5\libv5rt.a(vex_event.cpp.obj)
 .comment       0x00000000       0x71 C:\Program Files (x86)\VEX Robotics\VEXcode\sdk/vexv5\libv5rt.a(vex_mevent.cpp.obj)
 .comment       0x00000000       0x71 C:\Program Files (x86)\VEX Robotics\VEXcode\sdk/vexv5\libv5rt.a(vex_brain.cpp.obj)
 .comment       0x00000000       0x71 C:\Program Files (x86)\VEX Robotics\VEXcode\sdk/vexv5\libv5rt.a(vex_triport.cpp.obj)
 .comment       0x00000000       0x71 C:\Program Files (x86)\VEX Robotics\VEXcode\sdk/vexv5\libv5rt.a(vex_color.cpp.obj)
 .comment       0x00000000       0x71 C:\Program Files (x86)\VEX Robotics\VEXcode\sdk/vexv5\libv5rt.a(vex_timer.cpp.obj)
 .comment       0x00000000       0x71 C:\Program Files (x86)\VEX Robotics\VEXcode\sdk/vexv5\libv5rt.a(v5_apiuser.c.obj)
 .comment       0x00000000       0x71 C:\Program Files (x86)\VEX Robotics\VEXcode\sdk/vexv5\libv5rt.a(vex_device.cpp.obj)

.note.GNU-stack
                0x00000000        0x0
 .note.GNU-stack
                0x00000000        0x0 build/src/main.o

.debug_frame    0x00000000     0x2b94
 .debug_frame   0x00000000     0x13a0 C:\Program Files (x86)\VEX Robotics\VEXcode\sdk/vexv5/gcc/libs\libstdc++.a(fstream-inst.o)
 .debug_frame   0x000013a0       0xe0 C:\Program Files (x86)\VEX Robotics\VEXcode\sdk/vexv5/gcc/libs\libstdc++.a(si_class_type_info.o)
 .debug_frame   0x00001480      0x544 C:\Program Files (x86)\VEX Robotics\VEXcode\sdk/vexv5/gcc/libs\libstdc++.a(ios-inst.o)
 .debug_frame   0x000019c4       0xf8 C:\Program Files (x86)\VEX Robotics\VEXcode\sdk/vexv5/gcc/libs\libstdc++.a(ios.o)
 .debug_frame   0x00001abc      0xe34 C:\Program Files (x86)\VEX Robotics\VEXcode\sdk/vexv5/gcc/libs\libstdc++.a(ostream-inst.o)
 .debug_frame   0x000028f0       0xdc C:\Program Files (x86)\VEX Robotics\VEXcode\sdk/vexv5/gcc/libs\libstdc++.a(class_type_info.o)
 .debug_frame   0x000029cc       0x94 C:\Program Files (x86)\VEX Robotics\VEXcode\sdk/vexv5/gcc/libs\libstdc++.a(tinfo.o)
 .debug_frame   0x00002a60       0xd4 C:\Program Files (x86)\VEX Robotics\VEXcode\sdk/vexv5/gcc/libs\libstdc++.a(vmi_class_type_info.o)
 .debug_frame   0x00002b34       0x34 C:\Program Files (x86)\VEX Robotics\VEXcode\sdk/vexv5/gcc/libs\libc.a(lib_a-fini.o)
 .debug_frame   0x00002b68       0x2c C:\Program Files (x86)\VEX Robotics\VEXcode\sdk/vexv5/gcc/libs\libc.a(lib_a-init.o)
